EN timer2 NULL "C:/Users/Duy/ISE Projects/timer2/timer2.vhd" sub00/vhpl02 1407184549
AR timer2 behavior "C:/Users/Duy/ISE Projects/timer2/timer2.vhd" sub00/vhpl03 1407184550
PH dividerpackage NULL C:/Users/Duy/Desktop/divide.vhd sub00/vhpl00 1407184547
PB dividerpackage dividerpackage C:/Users/Duy/Desktop/divide.vhd sub00/vhpl01 1407184548
